// Jest Snapshot v1, https://goo.gl/fbAQLP

exports[`Selector component smoke 1`] = `
<div
  className="selector"
>
  <Component
    disabled={false}
    isSelected={false}
    key="1w"
    name="1w"
    setFilter={[Function]}
    value="1w"
  />
  <Component
    disabled={false}
    isSelected={false}
    key="1m"
    name="1m"
    setFilter={[Function]}
    value="1m"
  />
  <Component
    disabled={false}
    isSelected={false}
    key="3m"
    name="3m"
    setFilter={[Function]}
    value="3m"
  />
  <Component
    disabled={false}
    isSelected={false}
    key="6m"
    name="6m"
    setFilter={[Function]}
    value="6m"
  />
  <Component
    disabled={false}
    isSelected={false}
    key="1y"
    name="1y"
    setFilter={[Function]}
    value="1y"
  />
  <Component
    disabled={false}
    isSelected={false}
    key="all"
    name="all"
    setFilter={[Function]}
    value="all"
  />
</div>
`;
