// Jest Snapshot v1, https://goo.gl/fbAQLP

exports[`EmailLoginVerification it should render correctly 1`] = `
<div>
  <h2>
    Verification...
  </h2>
</div>
`;
