// Jest Snapshot v1, https://goo.gl/fbAQLP

exports[`Login container it should render any loader while not loaded 1`] = `
<div
  className="jsx-1291327912"
>
  <Component />
  <div
    className="jsx-1291327912 wrapper"
  >
    <div
      className="jsx-1291327912 loginContainer"
    >
      <div
        className="jsx-1291327912"
      >
        Loading
      </div>
    </div>
  </div>
  <JSXStyle
    css=".wrapper.jsx-1291327912{display:-webkit-box;display:-webkit-flex;display:-ms-flexbox;display:flex;-webkit-box-pack:center;-webkit-justify-content:center;-ms-flex-pack:center;justify-content:center;-webkit-align-items:center;-webkit-box-align:center;-ms-flex-align:center;align-items:center;height:100vh;}.loginContainer.jsx-1291327912{padding:1em;background:white;max-width:70%;border-radius:2px;box-shadow:0 1.5px 0 0 rgba(0,0,0,0.1);}"
    styleId="1291327912"
  />
</div>
`;

exports[`Login container it should render correctly 1`] = `
<div
  className="jsx-1291327912"
>
  <div
    className="jsx-1291327912 wrapper"
  >
    <div
      className="jsx-1291327912 loginContainer"
    >
      <div
        className="ui warning message"
      >
        <div
          className="content"
        >
          <div
            className="header"
          >
            We can't detect Metamask!
          </div>
          <ul
            className="list"
          >
            <li
              className="content"
            >
              We can auth you with Metamask account. It's secure and easy.
            </li>
          </ul>
        </div>
      </div>
    </div>
  </div>
</div>
`;

exports[`Login container it should render message with metamask user account address 1`] = `
<Login
  user={
    Object {
      "account": "0x23942983bc298374cjh",
      "data": Object {},
      "error": false,
      "hasMetamask": true,
      "isLoading": false,
    }
  }
>
  <div
    className="jsx-1291327912"
  >
    <Component>
      <SideEffect(Head)>
        <Head />
      </SideEffect(Head)>
    </Component>
    <div
      className="jsx-1291327912 wrapper"
    >
      <div
        className="jsx-1291327912 loginContainer"
      >
        <Component
          account="0x23942983bc298374cjh"
          handleAuth={[Function]}
        >
          <Form
            as="form"
            warning={true}
          >
            <form
              className="ui warning form"
              onSubmit={[Function]}
            >
              <Message
                header="We detect you have Metamask ðŸŽ‰ðŸŽ‰ðŸŽ‰"
                list={
                  Array [
                    "We can auth you with Metamask account. It's secure and easy.",
                    "Your selected wallet public key is 0x23942983bc298374cjh",
                  ]
                }
              >
                <div
                  className="ui message"
                >
                  <MessageContent>
                    <div
                      className="content"
                    >
                      <MessageHeader
                        content="We detect you have Metamask ðŸŽ‰ðŸŽ‰ðŸŽ‰"
                        key="We detect you have Metamask ðŸŽ‰ðŸŽ‰ðŸŽ‰"
                      >
                        <div
                          className="header"
                        >
                          We detect you have Metamask ðŸŽ‰ðŸŽ‰ðŸŽ‰
                        </div>
                      </MessageHeader>
                      <MessageList
                        as="ul"
                        items={
                          Array [
                            "We can auth you with Metamask account. It's secure and easy.",
                            "Your selected wallet public key is 0x23942983bc298374cjh",
                          ]
                        }
                      >
                        <ul
                          className="list"
                        >
                          <MessageItem
                            as="li"
                            content="We can auth you with Metamask account. It's secure and easy."
                            key="We can auth you with Metamask account. It's secure and easy."
                          >
                            <li
                              className="content"
                            >
                              We can auth you with Metamask account. It's secure and easy.
                            </li>
                          </MessageItem>
                          <MessageItem
                            as="li"
                            content="Your selected wallet public key is 0x23942983bc298374cjh"
                            key="Your selected wallet public key is 0x23942983bc298374cjh"
                          >
                            <li
                              className="content"
                            >
                              Your selected wallet public key is 0x23942983bc298374cjh
                            </li>
                          </MessageItem>
                        </ul>
                      </MessageList>
                    </div>
                  </MessageContent>
                </div>
              </Message>
              <Button
                as="button"
                className="signin-with-santoken"
                color="green"
                onClick={[Function]}
                style={
                  Object {
                    "alignItems": "center",
                    "display": "flex",
                    "paddingBottom": "5px",
                    "paddingTop": "5px",
                  }
                }
              >
                <button
                  className="ui green button signin-with-santoken"
                  onClick={[Function]}
                  role="button"
                  style={
                    Object {
                      "alignItems": "center",
                      "display": "flex",
                      "paddingBottom": "5px",
                      "paddingTop": "5px",
                    }
                  }
                >
                  Sign in with Metamask Â 
                  <img
                    alt="metamask logo"
                    height={32}
                    src="../static/img/metamask-icon-64.png"
                    width={32}
                  />
                </button>
              </Button>
            </form>
          </Form>
        </Component>
      </div>
    </div>
    <JSXStyle
      css=".wrapper.jsx-1291327912{display:-webkit-box;display:-webkit-flex;display:-ms-flexbox;display:flex;-webkit-box-pack:center;-webkit-justify-content:center;-ms-flex-pack:center;justify-content:center;-webkit-align-items:center;-webkit-box-align:center;-ms-flex-align:center;align-items:center;height:100vh;}.loginContainer.jsx-1291327912{padding:1em;background:white;max-width:70%;border-radius:2px;box-shadow:0 1.5px 0 0 rgba(0,0,0,0.1);}"
      styleId="1291327912"
    />
  </div>
</Login>
`;
