// Jest Snapshot v1, https://goo.gl/fbAQLP

exports[`Cashflow container it should render correctly 1`] = `
<ProjectsTable
  categories={Object {}}
  marketSegments={
    Object {
      "advertising": "Advertising",
      "blockchain_network": "Blockchain Network",
      "data": "Data",
      "digital_identity": "Digital Identity",
      "financial": "Financial",
      "gambling": "Gambling",
      "gaming": "Gaming",
      "legal": "Legal",
      "media": "Media",
      "prediction_market": "Prediction Market",
      "protocol": "Protocol",
      "transportation": "Transportation",
      "unknown": null,
    }
  }
  match={
    Object {
      "path": "/products",
    }
  }
  tableInfo={
    Object {
      "page": 1,
      "pageSize": 32,
      "visibleItems": 32,
    }
  }
/>
`;
