// Jest Snapshot v1, https://goo.gl/fbAQLP

exports[`reducers  set amount for the first income money 1`] = `
Object {
  "account": "0x2347298347293847239",
}
`;
